// Jest Snapshot v1, https://goo.gl/fbAQLP

exports[`Storyshots Page Empty Page 1`] = `
<div
  className="page"
>
  <div
    className="page--header"
    style={
      Object {
        "backgroundColor": "red",
      }
    }
  >
    <div
      className="page--title"
      style={
        Object {
          "color": "white",
        }
      }
    />
  </div>
  <div
    className="page--content"
  >
    <button
      className="page--back-btn"
      style={
        Object {
          "backgroundColor": "red",
          "color": "white",
        }
      }
    >
      Back
    </button>
    <div />
  </div>
</div>
`;

exports[`Storyshots Page With Content 1`] = `
<div
  className="page"
>
  <div
    className="page--header"
    style={
      Object {
        "backgroundColor": "red",
      }
    }
  >
    <div
      className="page--title"
      style={
        Object {
          "color": "white",
        }
      }
    >
      Title
    </div>
  </div>
  <div
    className="page--content"
  >
    <button
      className="page--back-btn"
      style={
        Object {
          "backgroundColor": "red",
          "color": "white",
        }
      }
    >
      Back
    </button>
    <div>
      <p>
        Lorem ipsum dolor, sit amet consectetur adipisicing elit. Nemo dignissimos maiores sunt ad et amet eius quas, magni corrupti labore nobis delectus corporis minima sapiente illo nam. Earum dicta, labore sit quidem dolores iure, asperiores facilis temporibus accusantium veniam est nihil? Fugit quia non nemo. Exercitationem voluptatem, sed autem aliquid doloremque similique repudiandae. Tempora, odit dolor! Repudiandae praesentium suscipit dignissimos, quibusdam minus assumenda veniam, est temporibus deserunt in alias aliquid, accusantium itaque commodi similique voluptates eveniet omnis nesciunt beatae error qui officiis. Doloribus, vero neque distinctio eius quidem voluptatibus consequatur soluta explicabo, asperiores iure molestias praesentium aliquid voluptate, pariatur atque!
      </p>
    </div>
  </div>
</div>
`;
